// Jest Snapshot v1, https://goo.gl/fbAQLP

exports[`Jeopardy component renders the UI as expected 1`] = `
<ContextProvider
  value={
    Object {
      "addToLearningList": [Function],
      "checkAnswerAndUpdateScore": [Function],
      "correct": false,
      "correctAnswersObject": Object {},
      "currentQuestion": 0,
      "gameType": "jeopardy",
      "goToNextQuestion": [Function],
      "goToWiki": [Function],
      "handleNewQuestionsJeo": [Function],
      "learningList": Object {},
      "page": "",
      "questions": Array [],
      "removeItemFromLearningList": [Function],
      "resetLearningList": [Function],
      "startNewGame": [Function],
      "totalQuestions": 0,
    }
  }
>
  <h2>
    Jeopardy!
  </h2>
  <JeopardyPlay />
</ContextProvider>
`;
